// Jest Snapshot v1, https://goo.gl/fbAQLP

exports[`should render Header  1`] = `
<div
  className="container"
>
  <Left />
  <Right />
</div>
`;
