// Jest Snapshot v1, https://goo.gl/fbAQLP

exports[`should render Header  1`] = `
<div
  className="card_right"
>
  <Connect(SpendLessFilter) />
</div>
`;
