// Jest Snapshot v1, https://goo.gl/fbAQLP

exports[`should render Header  1`] = `
<div
  className="footer"
>
  <h1>
    @
  </h1>
</div>
`;
